tier dittofs-s3-writeback-nfs3: local-ack (badger, metadata flush relaxed) + async S3 writeback
settled: waited 50172ms for block-store sync to go idle (unsynced=2099MiB, flat 4s)
run: dittofs-s3-writeback-nfs3__seq-read__large__nfs3__warm
run: dittofs-s3-writeback-nfs3__rand-write-4k__large__nfs3__warm
drain round 0: unsynced=1322MiB pending_uploads=0
drain round 0: unsynced=628MiB pending_uploads=0
drain round 0: unsynced=88MiB pending_uploads=0
drain round 0: unsynced=0MiB pending_uploads=0
drain round 0: unsynced=0MiB pending_uploads=0
drain round 0: unsynced=0MiB pending_uploads=0
drain round 0: unsynced=0MiB pending_uploads=0
drain round 0: unsynced=0MiB pending_uploads=0
drain round 0: unsynced=0MiB pending_uploads=0
drain round 0: unsynced=0MiB pending_uploads=0
drain round 0: unsynced=0MiB pending_uploads=0
drain round 0: unsynced=0MiB pending_uploads=0
drain round 0: unsynced=0MiB pending_uploads=0
cold barrier diagnostics — dfsctl system drain-uploads: dfsctl [system drain-uploads --timeout 15m]: exit status 1
Error: failed to drain uploads: drain uploads: no upload attempt concluded for 5m0s; 546 concluded (including retries) over the preceding 6m42s: context canceled

  block stats at barrier entry: {
  "totals": {
    "file_count": 4,
    "blocks_dirty": 0,
    "blocks_local": 0,
    "blocks_remote": 3509,
    "blocks_total": 3509,
    "blocks_cached": 0,
    "local_disk_used": 6111805694,
    "local_disk_max": 34359738368,
    "local_mem_used": 0,
    "local_mem_max": 0,
    "append_log_limit_bytes": 8412230656,
    "read_buffer_entries": 0,
    "read_buffer_used": 0,
    "read_buffer_max": 4206115328,
    "has_remote": true,
    "pending_syncs": 0,
    "pending_uploads": 0,
    "completed_syncs": 874,
    "failed_syncs": 0,
    "unsynced_bytes": 2328076288,
    "remote_healthy": false,
    "eviction_suspended": false,
    "outage_duration_seconds": 0,
    "offline_reads_blocked": 0,
    "local_durable": false,
    "remote_durable": false
  },
  "per_share": [
    {
      "share_name": "/bench",
      "stats": {
        "file_count": 4,
        "blocks_dirty": 0,
        "blocks_local": 0,
        "blocks_remote": 3509,
        "blocks_total": 3509,
        "blocks_cached": 0,
        "local_disk_used": 6111805694,
        "local_disk_max": 34359738368,
        "local_mem_used": 0,
        "local_mem_max": 0,
        "append_log_limit_bytes": 8412230656,
        "read_buffer_entries": 0,
        "read_buffer_used": 0,
        "read_buffer_max": 4206115328,
        "has_remote": true,
        "pending_syncs": 0,
        "pending_uploads": 0,
        "completed_syncs": 874,
        "failed_syncs": 0,
        "unsynced_bytes": 2328076288,
        "remote_healthy": true,
        "eviction_suspended": false,
        "outage_duration_seconds": 0,
        "offline_reads_blocked": 0,
        "local_durable": true,
        "remote_durable": true
      }
    }
  ]
}
  block stats after drain (pre-evict): not reached
  evict result: not reached
  block stats after evict: not reached
  surviving local tier: 74 files, 5845MiB total; largest: shares/bench/journal/0000000000000003.seg=255MiB shares/bench/journal/0000000000000000.seg=255MiB shares/bench/journal/0000000000000010.seg=255MiB shares/bench/journal/0000000000000009.seg=255MiB shares/bench/journal/0000000000000027.seg=255MiB shares/bench/journal/0000000000000007.seg=255MiB shares/bench/journal/0000000000000026.seg=255MiB shares/bench/journal/0000000000000025.seg=255MiB shares/bench/journal/0000000000000015.seg=255MiB shares/bench/journal/0000000000000024.seg=255MiB shares/bench/journal/0000000000000023.seg=255MiB shares/bench/journal/0000000000000016.seg=255MiB shares/bench/journal/0000000000000022.seg=255MiB shares/bench/journal/0000000000000019.seg=255MiB shares/bench/journal/0000000000000021.seg=255MiB shares/bench/journal/0000000000000014.seg=255MiB shares/bench/journal/0000000000000017.seg=255MiB shares/bench/journal/0000000000000020.seg=255MiB shares/bench/journal/0000000000000002.seg=255MiB shares/bench/journal/0000000000000018.seg=255MiB (+54 more)
  server log (/var/log/bench-dittofs.log) since barrier entry:
(the server logged nothing while the barrier ran)
FAIL dittofs-s3-writeback-nfs3: evict: dfsctl system drain-uploads: dfsctl [system drain-uploads --timeout 15m]: exit status 1
Error: failed to drain uploads: drain uploads: no upload attempt concluded for 5m0s; 546 concluded (including retries) over the preceding 6m42s: context canceled


| SYSTEM                    | ACCESS | WORKLOAD      | SIZE  | PROTO | PASS | IOPS | MB/s | p50µs  | p99µs  | S3MB | DiskWrMB/s | NetRxMB/s | CTXSW/s | CPU% | err |
| ------------------------- | ------ | ------------- | ----- | ----- | ---- | ---- | ---- | ------ | ------ | ---- | ---------- | --------- | ------- | ---- | --- |
| dittofs-s3-writeback-nfs3 | native | rand-write-4k | large | nfs3  | warm | 7257 | —    | 11862  | 41157  | 0    | 45         | 42        | 45731   | 67   | 0   |
| dittofs-s3-writeback-nfs3 | native | seq-read      | large | nfs3  | warm | —    | 2693 | 1073   | 3293   | 0    | 1          | 202       | 56430   | 56   | 0   |

1 backend(s) failed:
  - dittofs-s3-writeback-nfs3: evict: dfsctl system drain-uploads: dfsctl [system drain-uploads --timeout 15m]: exit status 1
Error: failed to drain uploads: drain uploads: no upload attempt concluded for 5m0s; 546 concluded (including retries) over the preceding 6m42s: context canceled

